2013-09-01 - 2013-09-07   1840 min   24 segments  min/avg/max/stddev=  7/ 76/322/ 81  ▃▁▁▁▅  ▁▃▁▁▂▁▁▁▂  ▃▁▂▁▂▆  ▄▇  ▁  ▂
2013-09-08 - 2013-09-14   2007 min   26 segments  min/avg/max/stddev=  3/ 77/285/ 70  ▁▂▂▁▃▁▄▂  ▂▂▁▁▁▄▁  ▇▅▁▄  ▂▄▁▂  ▅▁  ▂
2013-09-15 - 2013-09-21   2156 min   28 segments  min/avg/max/stddev=  4/ 77/275/ 71  ▃▃▁▁▂▅  ▁▁▃▂▁▁▁▄  ▃▇▂▄  ▃▁▇▄  ▁▁▃▁▁  ▂
2013-09-22 - 2013-09-28   2051 min   25 segments  min/avg/max/stddev=  4/ 82/209/ 77  ▅▂▆▆▂  ▁▂▁▁▁▆▁▁▇  ▁▇▇▁  ▄▁▁▇  ▇  ▃▁
2013-09-29 - 2013-10-05    466 min    3 segments  min/avg/max/stddev= 28/155/301/137  ▁  ▇▄
8h=480m 16h=960m 24h=1440m 32h=1920m 40h=2400m
